[0m[1mInitializing the backend...[0m

[0m[1mInitializing modules...[0m

[0m[1mInitializing provider plugins...[0m
- Reusing previous version of hashicorp/archive from the dependency lock file
- Reusing previous version of hashicorp/aws from the dependency lock file
- Using previously-installed hashicorp/archive v2.8.1
- Using previously-installed hashicorp/aws v6.63.0


[33m╷[0m[0m
[33m│[0m [0m[1m[33mWarning: [0m[0m[1mDeprecated Parameter[0m
[33m│[0m [0m
[33m│[0m [0m[0mThe parameter "dynamodb_table" is deprecated. Use parameter "use_lockfile"
[33m│[0m [0minstead.
[33m╵[0m[0m
[0m[1m[32mTerraform has been successfully initialized![0m[32m[0m
[0m[32m
You may now begin working with Terraform. Try running "terraform plan" to see
any changes that are required for your infrastructure. All Terraform commands
should now work.

If you ever set or change modules or backend configuration for Terraform,
rerun this command to reinitialize your working directory. If you forget, other
commands will detect it and remind you to do so if necessary.[0m
[33m╷[0m[0m
[33m│[0m [0m[1m[33mWarning: [0m[0m[1mDeprecated Parameter[0m
[33m│[0m [0m
[33m│[0m [0m[0mThe parameter "dynamodb_table" is deprecated. Use parameter "use_lockfile"
[33m│[0m [0minstead.
[33m╵[0m[0m
Acquiring state lock. This may take a few moments...
[0m[1mmodule.synthetics_canary.data.archive_file.canary_zip: Reading...[0m[0m
[0m[1mmodule.synthetics_canary.data.archive_file.canary_zip: Read complete after 0s [id=7d9647224ccadb371a9a9eae5e6a4765db03b395][0m
[0m[1mmodule.service["payments"].data.aws_prefix_list.s3: Reading...[0m[0m
[0m[1mmodule.synthetics_canary.data.aws_iam_policy_document.canary_assume: Reading...[0m[0m
[0m[1mdata.aws_caller_identity.current: Reading...[0m[0m
[0m[1mmodule.service["pos"].data.aws_prefix_list.s3: Reading...[0m[0m
[0m[1mmodule.service["commission"].data.aws_prefix_list.s3: Reading...[0m[0m
[0m[1mmodule.service["web"].data.aws_prefix_list.s3: Reading...[0m[0m
[0m[1mmodule.rds.aws_db_parameter_group.this: Refreshing state... [id=devops-g3-pg16][0m
[0m[1mmodule.synthetics_canary.data.aws_iam_policy_document.canary_assume: Read complete after 0s [id=2690255455][0m
[0m[1mmodule.network.aws_vpc.this: Refreshing state... [id=vpc-00cfe1339e0c0c86b][0m
[0m[1mmodule.grafana.data.aws_prefix_list.s3: Reading...[0m[0m
[0m[1mmodule.secrets.aws_secretsmanager_secret.this["db-proxy-pos"]: Refreshing state... [id=arn:aws:secretsmanager:us-west-1:240462142849:secret:devops-g3/db-proxy-pos-L7bCoD][0m
[0m[1mmodule.secrets.aws_secretsmanager_secret.this["db"]: Refreshing state... [id=arn:aws:secretsmanager:us-west-1:240462142849:secret:devops-g3/db-I364XC][0m
[0m[1mdata.aws_caller_identity.current: Read complete after 0s [id=240462142849][0m
[0m[1mmodule.secrets.aws_secretsmanager_secret.this["daraja"]: Refreshing state... [id=arn:aws:secretsmanager:us-west-1:240462142849:secret:devops-g3/daraja-vDnR06][0m
[0m[1mmodule.secrets.aws_secretsmanager_secret.this["db-proxy-web"]: Refreshing state... [id=arn:aws:secretsmanager:us-west-1:240462142849:secret:devops-g3/db-proxy-web-1bqHbE][0m
[0m[1mmodule.secrets.aws_secretsmanager_secret.this["slack-webhook"]: Refreshing state... [id=arn:aws:secretsmanager:us-west-1:240462142849:secret:devops-g3/slack-webhook-eunYoR][0m
[0m[1mmodule.secrets.aws_secretsmanager_secret.this["db-proxy-payments"]: Refreshing state... [id=arn:aws:secretsmanager:us-west-1:240462142849:secret:devops-g3/db-proxy-payments-H5SL8D][0m
[0m[1mmodule.secrets.aws_secretsmanager_secret.this["grafana-admin"]: Refreshing state... [id=arn:aws:secretsmanager:us-west-1:240462142849:secret:devops-g3/grafana-admin-T5XvCb][0m
[0m[1mmodule.secrets.aws_secretsmanager_secret.this["db-proxy-commission"]: Refreshing state... [id=arn:aws:secretsmanager:us-west-1:240462142849:secret:devops-g3/db-proxy-commission-O3w8qA][0m
[0m[1mmodule.grafana.data.aws_prefix_list.s3: Read complete after 1s [id=pl-6ba54002][0m
[0m[1mmodule.network.data.aws_iam_policy_document.flow_logs_assume: Reading...[0m[0m
[0m[1mmodule.network.data.aws_iam_policy_document.flow_logs_assume: Read complete after 0s [id=2717921857][0m
[0m[1mmodule.ecs_platform.aws_ecr_repository.service["payments"]: Refreshing state... [id=devops-g3/payments][0m
[0m[1mmodule.ecs_platform.aws_ecr_repository.service["commission"]: Refreshing state... [id=devops-g3/commission][0m
[0m[1mmodule.service["pos"].data.aws_prefix_list.s3: Read complete after 1s [id=pl-6ba54002][0m
[0m[1mmodule.ecs_platform.aws_ecr_repository.service["web"]: Refreshing state... [id=devops-g3/web][0m
[0m[1mmodule.service["payments"].data.aws_prefix_list.s3: Read complete after 1s [id=pl-6ba54002][0m
[0m[1mmodule.ecs_platform.aws_ecr_repository.service["pos"]: Refreshing state... [id=devops-g3/pos][0m
[0m[1mmodule.service["commission"].data.aws_prefix_list.s3: Read complete after 1s [id=pl-6ba54002][0m
[0m[1mmodule.service["web"].data.aws_prefix_list.s3: Read complete after 1s [id=pl-6ba54002][0m
[0m[1mmodule.rds.data.aws_iam_policy_document.proxy_assume: Reading...[0m[0m
[0m[1mmodule.rds.data.aws_iam_policy_document.proxy_assume: Read complete after 0s [id=2562693050][0m
[0m[1mmodule.db_bootstrap.data.aws_iam_policy_document.assume: Reading...[0m[0m
[0m[1maws_ecr_repository.adot: Refreshing state... [id=devops-g3/adot][0m
[0m[1mmodule.db_bootstrap.data.aws_iam_policy_document.assume: Read complete after 0s [id=1229436035][0m
[0m[1maws_ecr_repository.grafana: Refreshing state... [id=devops-g3/grafana][0m
[0m[1mmodule.rds.aws_iam_role.proxy: Refreshing state... [id=devops-g3-db-proxy][0m
[0m[1mmodule.messaging.data.aws_iam_policy_document.scheduler_assume: Reading...[0m[0m
[0m[1mmodule.messaging.data.aws_iam_policy_document.scheduler_assume: Read complete after 0s [id=3876860113][0m
[0m[1mmodule.grafana.data.aws_iam_policy_document.task_assume: Reading...[0m[0m
[0m[1mmodule.grafana.data.aws_iam_policy_document.task_assume: Read complete after 0s [id=3563571834][0m
[0m[1mmodule.service["commission"].data.aws_iam_policy_document.task_assume: Reading...[0m[0m
[0m[1mmodule.service["commission"].data.aws_iam_policy_document.task_assume: Read complete after 0s [id=3563571834][0m
[0m[1mmodule.service["payments"].data.aws_iam_policy_document.task_assume: Reading...[0m[0m
[0m[1mmodule.service["payments"].data.aws_iam_policy_document.task_assume: Read complete after 0s [id=3563571834][0m
[0m[1mmodule.service["pos"].data.aws_iam_policy_document.task_assume: Reading...[0m[0m
[0m[1mmodule.service["pos"].data.aws_iam_policy_document.task_assume: Read complete after 0s [id=3563571834][0m
[0m[1mmodule.service["web"].data.aws_iam_policy_document.task_assume: Reading...[0m[0m
[0m[1mmodule.service["web"].data.aws_iam_policy_document.task_assume: Read complete after 0s [id=3563571834][0m
[0m[1mmodule.synthetics_canary.aws_s3_bucket.artifacts: Refreshing state... [id=devops-g3-synthetics-240462142849][0m
[0m[1mmodule.ecs_platform.data.aws_iam_policy_document.task_execution_assume: Reading...[0m[0m
[0m[1mmodule.ecs_platform.data.aws_iam_policy_document.task_execution_assume: Read complete after 0s [id=3563571834][0m
[0m[1mmodule.network.aws_subnet.private_data["us-west-1c"]: Refreshing state... [id=subnet-003d95ccc6e642205][0m
[0m[1mmodule.network.aws_subnet.private_data["us-west-1a"]: Refreshing state... [id=subnet-0f56c09ff417af280][0m
[0m[1mmodule.rds.aws_security_group.db: Refreshing state... [id=sg-094b175b2a606da8e][0m
[0m[1mmodule.redis.aws_security_group.this: Refreshing state... [id=sg-00904884e45b5128c][0m
[0m[1mmodule.rds.aws_security_group.proxy: Refreshing state... [id=sg-0db8e5e404f8ec7f6][0m
[0m[1mmodule.redis.aws_elasticache_subnet_group.this: Refreshing state... [id=devops-g3-cache][0m
[0m[1mmodule.rds.aws_db_subnet_group.this: Refreshing state... [id=devops-g3-db][0m
[0m[1mmodule.rds.aws_db_instance.this: Refreshing state... [id=db-HVAO22PELES7QNEKGW52V6XV2E][0m
[0m[1mmodule.redis.aws_elasticache_replication_group.this: Refreshing state... [id=devops-g3-cache][0m
[0m[1mmodule.synthetics_canary.data.aws_iam_policy_document.canary: Reading...[0m[0m
[0m[1mmodule.synthetics_canary.data.aws_iam_policy_document.canary: Read complete after 0s [id=3736196624][0m

Terraform used the selected providers to generate the following execution
plan. Resource actions are indicated with the following symbols:
  [31m-[0m destroy[0m

Terraform will perform the following actions:

[1m  # aws_ecr_repository.adot[0m will be [1m[31mdestroyed[0m
[0m  [31m-[0m[0m resource "aws_ecr_repository" "adot" {
      [31m-[0m[0m arn                  = "arn:aws:ecr:us-west-1:240462142849:repository/devops-g3/adot" [90m-> null[0m[0m
      [31m-[0m[0m id                   = "devops-g3/adot" [90m-> null[0m[0m
      [31m-[0m[0m image_tag_mutability = "IMMUTABLE" [90m-> null[0m[0m
      [31m-[0m[0m name                 = "devops-g3/adot" [90m-> null[0m[0m
      [31m-[0m[0m region               = "us-west-1" [90m-> null[0m[0m
      [31m-[0m[0m registry_id          = "240462142849" [90m-> null[0m[0m
      [31m-[0m[0m repository_url       = "240462142849.dkr.ecr.us-west-1.amazonaws.com/devops-g3/adot" [90m-> null[0m[0m
      [31m-[0m[0m tags                 = {
          [31m-[0m[0m "Name"    = "devops-g3-adot"
          [31m-[0m[0m "service" = "telemetry"
        } [90m-> null[0m[0m
      [31m-[0m[0m tags_all             = {
          [31m-[0m[0m "Name"        = "devops-g3-adot"
          [31m-[0m[0m "capstone"    = "tillflow"
          [31m-[0m[0m "environment" = "dev"
          [31m-[0m[0m "group"       = "devops-g3"
          [31m-[0m[0m "managed-by"  = "terraform"
          [31m-[0m[0m "owner"       = "lwam"
          [31m-[0m[0m "service"     = "telemetry"
        } [90m-> null[0m[0m

      [31m-[0m[0m encryption_configuration {
          [31m-[0m[0m encryption_type = "KMS" [90m-> null[0m[0m
          [31m-[0m[0m kms_key         = "arn:aws:kms:us-west-1:240462142849:key/90e2806f-72c0-4b51-ae60-8cc9436bdfe0" [90m-> null[0m[0m
        }

      [31m-[0m[0m image_scanning_configuration {
          [31m-[0m[0m scan_on_push = true [90m-> null[0m[0m
        }
    }

[1m  # aws_ecr_repository.grafana[0m will be [1m[31mdestroyed[0m
[0m  [31m-[0m[0m resource "aws_ecr_repository" "grafana" {
      [31m-[0m[0m arn                  = "arn:aws:ecr:us-west-1:240462142849:repository/devops-g3/grafana" [90m-> null[0m[0m
      [31m-[0m[0m id                   = "devops-g3/grafana" [90m-> null[0m[0m
      [31m-[0m[0m image_tag_mutability = "IMMUTABLE" [90m-> null[0m[0m
      [31m-[0m[0m name                 = "devops-g3/grafana" [90m-> null[0m[0m
      [31m-[0m[0m region               = "us-west-1" [90m-> null[0m[0m
      [31m-[0m[0m registry_id          = "240462142849" [90m-> null[0m[0m
      [31m-[0m[0m repository_url       = "240462142849.dkr.ecr.us-west-1.amazonaws.com/devops-g3/grafana" [90m-> null[0m[0m
      [31m-[0m[0m tags                 = {
          [31m-[0m[0m "Name"    = "devops-g3-grafana"
          [31m-[0m[0m "service" = "grafana"
        } [90m-> null[0m[0m
      [31m-[0m[0m tags_all             = {
          [31m-[0m[0m "Name"        = "devops-g3-grafana"
          [31m-[0m[0m "capstone"    = "tillflow"
          [31m-[0m[0m "environment" = "dev"
          [31m-[0m[0m "group"       = "devops-g3"
          [31m-[0m[0m "managed-by"  = "terraform"
          [31m-[0m[0m "owner"       = "lwam"
          [31m-[0m[0m "service"     = "grafana"
        } [90m-> null[0m[0m

      [31m-[0m[0m encryption_configuration {
          [31m-[0m[0m encryption_type = "KMS" [90m-> null[0m[0m
          [31m-[0m[0m kms_key         = "arn:aws:kms:us-west-1:240462142849:key/90e2806f-72c0-4b51-ae60-8cc9436bdfe0" [90m-> null[0m[0m
        }

      [31m-[0m[0m image_scanning_configuration {
          [31m-[0m[0m scan_on_push = true [90m-> null[0m[0m
        }
    }

[1m  # module.ecs_platform.aws_ecr_repository.service["commission"][0m will be [1m[31mdestroyed[0m
[0m  [31m-[0m[0m resource "aws_ecr_repository" "service" {
      [31m-[0m[0m arn                  = "arn:aws:ecr:us-west-1:240462142849:repository/devops-g3/commission" [90m-> null[0m[0m
      [31m-[0m[0m id                   = "devops-g3/commission" [90m-> null[0m[0m
      [31m-[0m[0m image_tag_mutability = "IMMUTABLE" [90m-> null[0m[0m
      [31m-[0m[0m name                 = "devops-g3/commission" [90m-> null[0m[0m
      [31m-[0m[0m region               = "us-west-1" [90m-> null[0m[0m
      [31m-[0m[0m registry_id          = "240462142849" [90m-> null[0m[0m
      [31m-[0m[0m repository_url       = "240462142849.dkr.ecr.us-west-1.amazonaws.com/devops-g3/commission" [90m-> null[0m[0m
      [31m-[0m[0m tags                 = {
          [31m-[0m[0m "Name"    = "devops-g3-commission"
          [31m-[0m[0m "service" = "commission"
        } [90m-> null[0m[0m
      [31m-[0m[0m tags_all             = {
          [31m-[0m[0m "Name"        = "devops-g3-commission"
          [31m-[0m[0m "capstone"    = "tillflow"
          [31m-[0m[0m "environment" = "dev"
          [31m-[0m[0m "group"       = "devops-g3"
          [31m-[0m[0m "managed-by"  = "terraform"
          [31m-[0m[0m "owner"       = "lwam"
          [31m-[0m[0m "service"     = "commission"
        } [90m-> null[0m[0m

      [31m-[0m[0m encryption_configuration {
          [31m-[0m[0m encryption_type = "KMS" [90m-> null[0m[0m
          [31m-[0m[0m kms_key         = "arn:aws:kms:us-west-1:240462142849:key/90e2806f-72c0-4b51-ae60-8cc9436bdfe0" [90m-> null[0m[0m
        }

      [31m-[0m[0m image_scanning_configuration {
          [31m-[0m[0m scan_on_push = true [90m-> null[0m[0m
        }
    }

[1m  # module.ecs_platform.aws_ecr_repository.service["payments"][0m will be [1m[31mdestroyed[0m
[0m  [31m-[0m[0m resource "aws_ecr_repository" "service" {
      [31m-[0m[0m arn                  = "arn:aws:ecr:us-west-1:240462142849:repository/devops-g3/payments" [90m-> null[0m[0m
      [31m-[0m[0m id                   = "devops-g3/payments" [90m-> null[0m[0m
      [31m-[0m[0m image_tag_mutability = "IMMUTABLE" [90m-> null[0m[0m
      [31m-[0m[0m name                 = "devops-g3/payments" [90m-> null[0m[0m
      [31m-[0m[0m region               = "us-west-1" [90m-> null[0m[0m
      [31m-[0m[0m registry_id          = "240462142849" [90m-> null[0m[0m
      [31m-[0m[0m repository_url       = "240462142849.dkr.ecr.us-west-1.amazonaws.com/devops-g3/payments" [90m-> null[0m[0m
      [31m-[0m[0m tags                 = {
          [31m-[0m[0m "Name"    = "devops-g3-payments"
          [31m-[0m[0m "service" = "payments"
        } [90m-> null[0m[0m
      [31m-[0m[0m tags_all             = {
          [31m-[0m[0m "Name"        = "devops-g3-payments"
          [31m-[0m[0m "capstone"    = "tillflow"
          [31m-[0m[0m "environment" = "dev"
          [31m-[0m[0m "group"       = "devops-g3"
          [31m-[0m[0m "managed-by"  = "terraform"
          [31m-[0m[0m "owner"       = "lwam"
          [31m-[0m[0m "service"     = "payments"
        } [90m-> null[0m[0m

      [31m-[0m[0m encryption_configuration {
          [31m-[0m[0m encryption_type = "KMS" [90m-> null[0m[0m
          [31m-[0m[0m kms_key         = "arn:aws:kms:us-west-1:240462142849:key/90e2806f-72c0-4b51-ae60-8cc9436bdfe0" [90m-> null[0m[0m
        }

      [31m-[0m[0m image_scanning_configuration {
          [31m-[0m[0m scan_on_push = true [90m-> null[0m[0m
        }
    }

[1m  # module.ecs_platform.aws_ecr_repository.service["pos"][0m will be [1m[31mdestroyed[0m
[0m  [31m-[0m[0m resource "aws_ecr_repository" "service" {
      [31m-[0m[0m arn                  = "arn:aws:ecr:us-west-1:240462142849:repository/devops-g3/pos" [90m-> null[0m[0m
      [31m-[0m[0m id                   = "devops-g3/pos" [90m-> null[0m[0m
      [31m-[0m[0m image_tag_mutability = "IMMUTABLE" [90m-> null[0m[0m
      [31m-[0m[0m name                 = "devops-g3/pos" [90m-> null[0m[0m
      [31m-[0m[0m region               = "us-west-1" [90m-> null[0m[0m
      [31m-[0m[0m registry_id          = "240462142849" [90m-> null[0m[0m
      [31m-[0m[0m repository_url       = "240462142849.dkr.ecr.us-west-1.amazonaws.com/devops-g3/pos" [90m-> null[0m[0m
      [31m-[0m[0m tags                 = {
          [31m-[0m[0m "Name"    = "devops-g3-pos"
          [31m-[0m[0m "service" = "pos"
        } [90m-> null[0m[0m
      [31m-[0m[0m tags_all             = {
          [31m-[0m[0m "Name"        = "devops-g3-pos"
          [31m-[0m[0m "capstone"    = "tillflow"
          [31m-[0m[0m "environment" = "dev"
          [31m-[0m[0m "group"       = "devops-g3"
          [31m-[0m[0m "managed-by"  = "terraform"
          [31m-[0m[0m "owner"       = "lwam"
          [31m-[0m[0m "service"     = "pos"
        } [90m-> null[0m[0m

      [31m-[0m[0m encryption_configuration {
          [31m-[0m[0m encryption_type = "KMS" [90m-> null[0m[0m
          [31m-[0m[0m kms_key         = "arn:aws:kms:us-west-1:240462142849:key/90e2806f-72c0-4b51-ae60-8cc9436bdfe0" [90m-> null[0m[0m
        }

      [31m-[0m[0m image_scanning_configuration {
          [31m-[0m[0m scan_on_push = true [90m-> null[0m[0m
        }
    }

[1m  # module.ecs_platform.aws_ecr_repository.service["web"][0m will be [1m[31mdestroyed[0m
[0m  [31m-[0m[0m resource "aws_ecr_repository" "service" {
      [31m-[0m[0m arn                  = "arn:aws:ecr:us-west-1:240462142849:repository/devops-g3/web" [90m-> null[0m[0m
      [31m-[0m[0m id                   = "devops-g3/web" [90m-> null[0m[0m
      [31m-[0m[0m image_tag_mutability = "IMMUTABLE" [90m-> null[0m[0m
      [31m-[0m[0m name                 = "devops-g3/web" [90m-> null[0m[0m
      [31m-[0m[0m region               = "us-west-1" [90m-> null[0m[0m
      [31m-[0m[0m registry_id          = "240462142849" [90m-> null[0m[0m
      [31m-[0m[0m repository_url       = "240462142849.dkr.ecr.us-west-1.amazonaws.com/devops-g3/web" [90m-> null[0m[0m
      [31m-[0m[0m tags                 = {
          [31m-[0m[0m "Name"    = "devops-g3-web"
          [31m-[0m[0m "service" = "web"
        } [90m-> null[0m[0m
      [31m-[0m[0m tags_all             = {
          [31m-[0m[0m "Name"        = "devops-g3-web"
          [31m-[0m[0m "capstone"    = "tillflow"
          [31m-[0m[0m "environment" = "dev"
          [31m-[0m[0m "group"       = "devops-g3"
          [31m-[0m[0m "managed-by"  = "terraform"
          [31m-[0m[0m "owner"       = "lwam"
          [31m-[0m[0m "service"     = "web"
        } [90m-> null[0m[0m

      [31m-[0m[0m encryption_configuration {
          [31m-[0m[0m encryption_type = "KMS" [90m-> null[0m[0m
          [31m-[0m[0m kms_key         = "arn:aws:kms:us-west-1:240462142849:key/90e2806f-72c0-4b51-ae60-8cc9436bdfe0" [90m-> null[0m[0m
        }

      [31m-[0m[0m image_scanning_configuration {
          [31m-[0m[0m scan_on_push = true [90m-> null[0m[0m
        }
    }

[1m  # module.network.aws_subnet.private_data["us-west-1a"][0m will be [1m[31mdestroyed[0m
[0m  [31m-[0m[0m resource "aws_subnet" "private_data" {
      [31m-[0m[0m arn                                            = "arn:aws:ec2:us-west-1:240462142849:subnet/subnet-0f56c09ff417af280" [90m-> null[0m[0m
      [31m-[0m[0m assign_ipv6_address_on_creation                = false [90m-> null[0m[0m
      [31m-[0m[0m availability_zone                              = "us-west-1a" [90m-> null[0m[0m
      [31m-[0m[0m availability_zone_id                           = "usw1-az1" [90m-> null[0m[0m
      [31m-[0m[0m cidr_block                                     = "10.20.128.0/20" [90m-> null[0m[0m
      [31m-[0m[0m enable_dns64                                   = false [90m-> null[0m[0m
      [31m-[0m[0m enable_lni_at_device_index                     = 0 [90m-> null[0m[0m
      [31m-[0m[0m enable_resource_name_dns_a_record_on_launch    = false [90m-> null[0m[0m
      [31m-[0m[0m enable_resource_name_dns_aaaa_record_on_launch = false [90m-> null[0m[0m
      [31m-[0m[0m id                                             = "subnet-0f56c09ff417af280" [90m-> null[0m[0m
      [31m-[0m[0m ipv6_native                                    = false [90m-> null[0m[0m
      [31m-[0m[0m map_customer_owned_ip_on_launch                = false [90m-> null[0m[0m
      [31m-[0m[0m map_public_ip_on_launch                        = false [90m-> null[0m[0m
      [31m-[0m[0m owner_id                                       = "240462142849" [90m-> null[0m[0m
      [31m-[0m[0m private_dns_hostname_type_on_launch            = "ip-name" [90m-> null[0m[0m
      [31m-[0m[0m region                                         = "us-west-1" [90m-> null[0m[0m
      [31m-[0m[0m tags                                           = {
          [31m-[0m[0m "Name" = "devops-g3-private-data-us-west-1a"
          [31m-[0m[0m "tier" = "private-data"
        } [90m-> null[0m[0m
      [31m-[0m[0m tags_all                                       = {
          [31m-[0m[0m "Name"        = "devops-g3-private-data-us-west-1a"
          [31m-[0m[0m "capstone"    = "tillflow"
          [31m-[0m[0m "environment" = "dev"
          [31m-[0m[0m "group"       = "devops-g3"
          [31m-[0m[0m "managed-by"  = "terraform"
          [31m-[0m[0m "owner"       = "lwam"
          [31m-[0m[0m "service"     = "platform"
          [31m-[0m[0m "tier"        = "private-data"
        } [90m-> null[0m[0m
      [31m-[0m[0m vpc_id                                         = "vpc-00cfe1339e0c0c86b" [90m-> null[0m[0m
        [90m# (4 unchanged attributes hidden)[0m[0m
    }

[1m  # module.network.aws_subnet.private_data["us-west-1c"][0m will be [1m[31mdestroyed[0m
[0m  [31m-[0m[0m resource "aws_subnet" "private_data" {
      [31m-[0m[0m arn                                            = "arn:aws:ec2:us-west-1:240462142849:subnet/subnet-003d95ccc6e642205" [90m-> null[0m[0m
      [31m-[0m[0m assign_ipv6_address_on_creation                = false [90m-> null[0m[0m
      [31m-[0m[0m availability_zone                              = "us-west-1c" [90m-> null[0m[0m
      [31m-[0m[0m availability_zone_id                           = "usw1-az3" [90m-> null[0m[0m
      [31m-[0m[0m cidr_block                                     = "10.20.144.0/20" [90m-> null[0m[0m
      [31m-[0m[0m enable_dns64                                   = false [90m-> null[0m[0m
      [31m-[0m[0m enable_lni_at_device_index                     = 0 [90m-> null[0m[0m
      [31m-[0m[0m enable_resource_name_dns_a_record_on_launch    = false [90m-> null[0m[0m
      [31m-[0m[0m enable_resource_name_dns_aaaa_record_on_launch = false [90m-> null[0m[0m
      [31m-[0m[0m id                                             = "subnet-003d95ccc6e642205" [90m-> null[0m[0m
      [31m-[0m[0m ipv6_native                                    = false [90m-> null[0m[0m
      [31m-[0m[0m map_customer_owned_ip_on_launch                = false [90m-> null[0m[0m
      [31m-[0m[0m map_public_ip_on_launch                        = false [90m-> null[0m[0m
      [31m-[0m[0m owner_id                                       = "240462142849" [90m-> null[0m[0m
      [31m-[0m[0m private_dns_hostname_type_on_launch            = "ip-name" [90m-> null[0m[0m
      [31m-[0m[0m region                                         = "us-west-1" [90m-> null[0m[0m
      [31m-[0m[0m tags                                           = {
          [31m-[0m[0m "Name" = "devops-g3-private-data-us-west-1c"
          [31m-[0m[0m "tier" = "private-data"
        } [90m-> null[0m[0m
      [31m-[0m[0m tags_all                                       = {
          [31m-[0m[0m "Name"        = "devops-g3-private-data-us-west-1c"
          [31m-[0m[0m "capstone"    = "tillflow"
          [31m-[0m[0m "environment" = "dev"
          [31m-[0m[0m "group"       = "devops-g3"
          [31m-[0m[0m "managed-by"  = "terraform"
          [31m-[0m[0m "owner"       = "lwam"
          [31m-[0m[0m "service"     = "platform"
          [31m-[0m[0m "tier"        = "private-data"
        } [90m-> null[0m[0m
      [31m-[0m[0m vpc_id                                         = "vpc-00cfe1339e0c0c86b" [90m-> null[0m[0m
        [90m# (4 unchanged attributes hidden)[0m[0m
    }

[1m  # module.network.aws_vpc.this[0m will be [1m[31mdestroyed[0m
[0m  [31m-[0m[0m resource "aws_vpc" "this" {
      [31m-[0m[0m arn                                  = "arn:aws:ec2:us-west-1:240462142849:vpc/vpc-00cfe1339e0c0c86b" [90m-> null[0m[0m
      [31m-[0m[0m assign_generated_ipv6_cidr_block     = false [90m-> null[0m[0m
      [31m-[0m[0m cidr_block                           = "10.20.0.0/16" [90m-> null[0m[0m
      [31m-[0m[0m default_network_acl_id               = "acl-0598ec5730da49f27" [90m-> null[0m[0m
      [31m-[0m[0m default_route_table_id               = "rtb-0e02291fcc1fc6431" [90m-> null[0m[0m
      [31m-[0m[0m default_security_group_id            = "sg-0255225dfa5fe1b79" [90m-> null[0m[0m
      [31m-[0m[0m dhcp_options_id                      = "dopt-049fae93b2daf95b9" [90m-> null[0m[0m
      [31m-[0m[0m enable_dns_hostnames                 = true [90m-> null[0m[0m
      [31m-[0m[0m enable_dns_support                   = true [90m-> null[0m[0m
      [31m-[0m[0m enable_network_address_usage_metrics = false [90m-> null[0m[0m
      [31m-[0m[0m id                                   = "vpc-00cfe1339e0c0c86b" [90m-> null[0m[0m
      [31m-[0m[0m instance_tenancy                     = "default" [90m-> null[0m[0m
      [31m-[0m[0m ipv6_netmask_length                  = 0 [90m-> null[0m[0m
      [31m-[0m[0m main_route_table_id                  = "rtb-0e02291fcc1fc6431" [90m-> null[0m[0m
      [31m-[0m[0m owner_id                             = "240462142849" [90m-> null[0m[0m
      [31m-[0m[0m region                               = "us-west-1" [90m-> null[0m[0m
      [31m-[0m[0m tags                                 = {
          [31m-[0m[0m "Name" = "devops-g3-vpc"
        } [90m-> null[0m[0m
      [31m-[0m[0m tags_all                             = {
          [31m-[0m[0m "Name"        = "devops-g3-vpc"
          [31m-[0m[0m "capstone"    = "tillflow"
          [31m-[0m[0m "environment" = "dev"
          [31m-[0m[0m "group"       = "devops-g3"
          [31m-[0m[0m "managed-by"  = "terraform"
          [31m-[0m[0m "owner"       = "lwam"
          [31m-[0m[0m "service"     = "platform"
        } [90m-> null[0m[0m
        [90m# (4 unchanged attributes hidden)[0m[0m
    }

[1m  # module.rds.aws_db_instance.this[0m will be [1m[31mdestroyed[0m
[0m  [31m-[0m[0m resource "aws_db_instance" "this" {
      [31m-[0m[0m address                               = "devops-g3-db.chgiwkc8muat.us-west-1.rds.amazonaws.com" [90m-> null[0m[0m
      [31m-[0m[0m allocated_storage                     = 20 [90m-> null[0m[0m
      [31m-[0m[0m apply_immediately                     = false [90m-> null[0m[0m
      [31m-[0m[0m arn                                   = "arn:aws:rds:us-west-1:240462142849:db:devops-g3-db" [90m-> null[0m[0m
      [31m-[0m[0m auto_minor_version_upgrade            = true [90m-> null[0m[0m
      [31m-[0m[0m availability_zone                     = "us-west-1a" [90m-> null[0m[0m
      [31m-[0m[0m backup_retention_period               = 7 [90m-> null[0m[0m
      [31m-[0m[0m backup_target                         = "region" [90m-> null[0m[0m
      [31m-[0m[0m backup_window                         = "03:00-04:00" [90m-> null[0m[0m
      [31m-[0m[0m copy_tags_to_snapshot                 = true [90m-> null[0m[0m
      [31m-[0m[0m customer_owned_ip_enabled             = false [90m-> null[0m[0m
      [31m-[0m[0m database_insights_mode                = "standard" [90m-> null[0m[0m
      [31m-[0m[0m db_name                               = "tillflow" [90m-> null[0m[0m
      [31m-[0m[0m db_subnet_group_name                  = "devops-g3-db" [90m-> null[0m[0m
      [31m-[0m[0m dedicated_log_volume                  = false [90m-> null[0m[0m
      [31m-[0m[0m delete_automated_backups              = true [90m-> null[0m[0m
      [31m-[0m[0m deletion_protection                   = false [90m-> null[0m[0m
      [31m-[0m[0m domain_dns_ips                        = [] [90m-> null[0m[0m
      [31m-[0m[0m enabled_cloudwatch_logs_exports       = [
          [31m-[0m[0m "postgresql",
          [31m-[0m[0m "upgrade",
        ] [90m-> null[0m[0m
      [31m-[0m[0m endpoint                              = "devops-g3-db.chgiwkc8muat.us-west-1.rds.amazonaws.com:5432" [90m-> null[0m[0m
      [31m-[0m[0m engine                                = "postgres" [90m-> null[0m[0m
      [31m-[0m[0m engine_lifecycle_support              = "open-source-rds-extended-support" [90m-> null[0m[0m
      [31m-[0m[0m engine_version                        = "16" [90m-> null[0m[0m
      [31m-[0m[0m engine_version_actual                 = "16.13" [90m-> null[0m[0m
      [31m-[0m[0m hosted_zone_id                        = "Z10WI91S59XXQN" [90m-> null[0m[0m
      [31m-[0m[0m iam_database_authentication_enabled   = false [90m-> null[0m[0m
      [31m-[0m[0m id                                    = "db-HVAO22PELES7QNEKGW52V6XV2E" [90m-> null[0m[0m
      [31m-[0m[0m identifier                            = "devops-g3-db" [90m-> null[0m[0m
      [31m-[0m[0m instance_class                        = "db.t4g.medium" [90m-> null[0m[0m
      [31m-[0m[0m iops                                  = 3000 [90m-> null[0m[0m
      [31m-[0m[0m kms_key_id                            = "arn:aws:kms:us-west-1:240462142849:key/90e2806f-72c0-4b51-ae60-8cc9436bdfe0" [90m-> null[0m[0m
      [31m-[0m[0m latest_restorable_time                = "2026-09-20T14:30:47Z" [90m-> null[0m[0m
      [31m-[0m[0m license_model                         = "postgresql-license" [90m-> null[0m[0m
      [31m-[0m[0m listener_endpoint                     = [] [90m-> null[0m[0m
      [31m-[0m[0m maintenance_window                    = "sun:04:30-sun:05:30" [90m-> null[0m[0m
      [31m-[0m[0m manage_master_user_password           = true [90m-> null[0m[0m
      [31m-[0m[0m master_user_secret                    = [
          [31m-[0m[0m {
              [31m-[0m[0m kms_key_id    = "arn:aws:kms:us-west-1:240462142849:key/90e2806f-72c0-4b51-ae60-8cc9436bdfe0"
              [31m-[0m[0m secret_arn    = "arn:aws:secretsmanager:us-west-1:240462142849:secret:rds!db-13d47250-d138-4310-b085-699782421330-fd0Cy3"
              [31m-[0m[0m secret_status = "active"
            },
        ] [90m-> null[0m[0m
      [31m-[0m[0m master_user_secret_kms_key_id         = "arn:aws:kms:us-west-1:240462142849:key/90e2806f-72c0-4b51-ae60-8cc9436bdfe0" [90m-> null[0m[0m
      [31m-[0m[0m max_allocated_storage                 = 100 [90m-> null[0m[0m
      [31m-[0m[0m monitoring_interval                   = 0 [90m-> null[0m[0m
      [31m-[0m[0m multi_az                              = false [90m-> null[0m[0m
      [31m-[0m[0m network_type                          = "IPV4" [90m-> null[0m[0m
      [31m-[0m[0m option_group_name                     = "default:postgres-16" [90m-> null[0m[0m
      [31m-[0m[0m parameter_group_name                  = "devops-g3-pg16" [90m-> null[0m[0m
      [31m-[0m[0m password_wo                           = (write-only attribute) [90m-> null[0m[0m
      [31m-[0m[0m performance_insights_enabled          = true [90m-> null[0m[0m
      [31m-[0m[0m performance_insights_kms_key_id       = "arn:aws:kms:us-west-1:240462142849:key/24975400-bca4-4f60-8ee9-6d7bfe48c763" [90m-> null[0m[0m
      [31m-[0m[0m performance_insights_retention_period = 7 [90m-> null[0m[0m
      [31m-[0m[0m port                                  = 5432 [90m-> null[0m[0m
      [31m-[0m[0m publicly_accessible                   = false [90m-> null[0m[0m
      [31m-[0m[0m region                                = "us-west-1" [90m-> null[0m[0m
      [31m-[0m[0m replicas                              = [] [90m-> null[0m[0m
      [31m-[0m[0m resource_id                           = "db-HVAO22PELES7QNEKGW52V6XV2E" [90m-> null[0m[0m
      [31m-[0m[0m skip_final_snapshot                   = true [90m-> null[0m[0m
      [31m-[0m[0m status                                = "deleting" [90m-> null[0m[0m
      [31m-[0m[0m storage_encrypted                     = true [90m-> null[0m[0m
      [31m-[0m[0m storage_throughput                    = 125 [90m-> null[0m[0m
      [31m-[0m[0m storage_type                          = "gp3" [90m-> null[0m[0m
      [31m-[0m[0m tags                                  = {
          [31m-[0m[0m "Name" = "devops-g3-db"
        } [90m-> null[0m[0m
      [31m-[0m[0m tags_all                              = {
          [31m-[0m[0m "Name"        = "devops-g3-db"
          [31m-[0m[0m "capstone"    = "tillflow"
          [31m-[0m[0m "environment" = "dev"
          [31m-[0m[0m "group"       = "devops-g3"
          [31m-[0m[0m "managed-by"  = "terraform"
          [31m-[0m[0m "owner"       = "lwam"
          [31m-[0m[0m "service"     = "platform"
        } [90m-> null[0m[0m
      [31m-[0m[0m upgrade_rollout_order                 = "second" [90m-> null[0m[0m
      [31m-[0m[0m username                              = "tillflow_admin" [90m-> null[0m[0m
      [31m-[0m[0m vpc_security_group_ids                = [
          [31m-[0m[0m "sg-094b175b2a606da8e",
        ] [90m-> null[0m[0m
        [90m# (14 unchanged attributes hidden)[0m[0m
    }

[1m  # module.rds.aws_db_parameter_group.this[0m will be [1m[31mdestroyed[0m
[0m  [31m-[0m[0m resource "aws_db_parameter_group" "this" {
      [31m-[0m[0m arn          = "arn:aws:rds:us-west-1:240462142849:pg:devops-g3-pg16" [90m-> null[0m[0m
      [31m-[0m[0m description  = "TillFlow PostgreSQL parameters (ADR-002)" [90m-> null[0m[0m
      [31m-[0m[0m family       = "postgres16" [90m-> null[0m[0m
      [31m-[0m[0m id           = "devops-g3-pg16" [90m-> null[0m[0m
      [31m-[0m[0m name         = "devops-g3-pg16" [90m-> null[0m[0m
      [31m-[0m[0m region       = "us-west-1" [90m-> null[0m[0m
      [31m-[0m[0m skip_destroy = false [90m-> null[0m[0m
      [31m-[0m[0m tags         = {} [90m-> null[0m[0m
      [31m-[0m[0m tags_all     = {
          [31m-[0m[0m "capstone"    = "tillflow"
          [31m-[0m[0m "environment" = "dev"
          [31m-[0m[0m "group"       = "devops-g3"
          [31m-[0m[0m "managed-by"  = "terraform"
          [31m-[0m[0m "owner"       = "lwam"
          [31m-[0m[0m "service"     = "platform"
        } [90m-> null[0m[0m
        [90m# (1 unchanged attribute hidden)[0m[0m

      [31m-[0m[0m parameter {
          [31m-[0m[0m apply_method = "immediate" [90m-> null[0m[0m
          [31m-[0m[0m name         = "idle_in_transaction_session_timeout" [90m-> null[0m[0m
          [31m-[0m[0m value        = "60000" [90m-> null[0m[0m
        }
      [31m-[0m[0m parameter {
          [31m-[0m[0m apply_method = "immediate" [90m-> null[0m[0m
          [31m-[0m[0m name         = "log_connections" [90m-> null[0m[0m
          [31m-[0m[0m value        = "1" [90m-> null[0m[0m
        }
      [31m-[0m[0m parameter {
          [31m-[0m[0m apply_method = "immediate" [90m-> null[0m[0m
          [31m-[0m[0m name         = "log_disconnections" [90m-> null[0m[0m
          [31m-[0m[0m value        = "1" [90m-> null[0m[0m
        }
      [31m-[0m[0m parameter {
          [31m-[0m[0m apply_method = "immediate" [90m-> null[0m[0m
          [31m-[0m[0m name         = "log_min_duration_statement" [90m-> null[0m[0m
          [31m-[0m[0m value        = "1000" [90m-> null[0m[0m
        }
      [31m-[0m[0m parameter {
          [31m-[0m[0m apply_method = "immediate" [90m-> null[0m[0m
          [31m-[0m[0m name         = "statement_timeout" [90m-> null[0m[0m
          [31m-[0m[0m value        = "30000" [90m-> null[0m[0m
        }
    }

[1m  # module.rds.aws_db_subnet_group.this[0m will be [1m[31mdestroyed[0m
[0m  [31m-[0m[0m resource "aws_db_subnet_group" "this" {
      [31m-[0m[0m arn                     = "arn:aws:rds:us-west-1:240462142849:subgrp:devops-g3-db" [90m-> null[0m[0m
      [31m-[0m[0m description             = "Managed by Terraform" [90m-> null[0m[0m
      [31m-[0m[0m id                      = "devops-g3-db" [90m-> null[0m[0m
      [31m-[0m[0m name                    = "devops-g3-db" [90m-> null[0m[0m
      [31m-[0m[0m region                  = "us-west-1" [90m-> null[0m[0m
      [31m-[0m[0m subnet_ids              = [
          [31m-[0m[0m "subnet-003d95ccc6e642205",
          [31m-[0m[0m "subnet-0f56c09ff417af280",
        ] [90m-> null[0m[0m
      [31m-[0m[0m supported_network_types = [
          [31m-[0m[0m "IPV4",
        ] [90m-> null[0m[0m
      [31m-[0m[0m tags                    = {
          [31m-[0m[0m "Name" = "devops-g3-db"
        } [90m-> null[0m[0m
      [31m-[0m[0m tags_all                = {
          [31m-[0m[0m "Name"        = "devops-g3-db"
          [31m-[0m[0m "capstone"    = "tillflow"
          [31m-[0m[0m "environment" = "dev"
          [31m-[0m[0m "group"       = "devops-g3"
          [31m-[0m[0m "managed-by"  = "terraform"
          [31m-[0m[0m "owner"       = "lwam"
          [31m-[0m[0m "service"     = "platform"
        } [90m-> null[0m[0m
      [31m-[0m[0m vpc_id                  = "vpc-00cfe1339e0c0c86b" [90m-> null[0m[0m
        [90m# (1 unchanged attribute hidden)[0m[0m
    }

[1m  # module.rds.aws_security_group.db[0m will be [1m[31mdestroyed[0m
[0m  [31m-[0m[0m resource "aws_security_group" "db" {
      [31m-[0m[0m arn                    = "arn:aws:ec2:us-west-1:240462142849:security-group/sg-094b175b2a606da8e" [90m-> null[0m[0m
      [31m-[0m[0m description            = "PostgreSQL - reachable only from the RDS Proxy" [90m-> null[0m[0m
      [31m-[0m[0m egress                 = [] [90m-> null[0m[0m
      [31m-[0m[0m id                     = "sg-094b175b2a606da8e" [90m-> null[0m[0m
      [31m-[0m[0m ingress                = [] [90m-> null[0m[0m
      [31m-[0m[0m name                   = "devops-g3-db" [90m-> null[0m[0m
      [31m-[0m[0m owner_id               = "240462142849" [90m-> null[0m[0m
      [31m-[0m[0m region                 = "us-west-1" [90m-> null[0m[0m
      [31m-[0m[0m revoke_rules_on_delete = false [90m-> null[0m[0m
      [31m-[0m[0m tags                   = {
          [31m-[0m[0m "Name" = "devops-g3-db"
        } [90m-> null[0m[0m
      [31m-[0m[0m tags_all               = {
          [31m-[0m[0m "Name"        = "devops-g3-db"
          [31m-[0m[0m "capstone"    = "tillflow"
          [31m-[0m[0m "environment" = "dev"
          [31m-[0m[0m "group"       = "devops-g3"
          [31m-[0m[0m "managed-by"  = "terraform"
          [31m-[0m[0m "owner"       = "lwam"
          [31m-[0m[0m "service"     = "platform"
        } [90m-> null[0m[0m
      [31m-[0m[0m vpc_id                 = "vpc-00cfe1339e0c0c86b" [90m-> null[0m[0m
        [90m# (1 unchanged attribute hidden)[0m[0m
    }

[1m  # module.synthetics_canary.aws_s3_bucket.artifacts[0m will be [1m[31mdestroyed[0m
[0m  [31m-[0m[0m resource "aws_s3_bucket" "artifacts" {
      [31m-[0m[0m arn                         = "arn:aws:s3:::devops-g3-synthetics-240462142849" [90m-> null[0m[0m
      [31m-[0m[0m bucket                      = "devops-g3-synthetics-240462142849" [90m-> null[0m[0m
      [31m-[0m[0m bucket_domain_name          = "devops-g3-synthetics-240462142849.s3.amazonaws.com" [90m-> null[0m[0m
      [31m-[0m[0m bucket_namespace            = "global" [90m-> null[0m[0m
      [31m-[0m[0m bucket_region               = "us-west-1" [90m-> null[0m[0m
      [31m-[0m[0m bucket_regional_domain_name = "devops-g3-synthetics-240462142849.s3.us-west-1.amazonaws.com" [90m-> null[0m[0m
      [31m-[0m[0m force_destroy               = false [90m-> null[0m[0m
      [31m-[0m[0m hosted_zone_id              = "Z2F56UZL2M1ACD" [90m-> null[0m[0m
      [31m-[0m[0m id                          = "devops-g3-synthetics-240462142849" [90m-> null[0m[0m
      [31m-[0m[0m object_lock_enabled         = false [90m-> null[0m[0m
      [31m-[0m[0m region                      = "us-west-1" [90m-> null[0m[0m
      [31m-[0m[0m request_payer               = "BucketOwner" [90m-> null[0m[0m
      [31m-[0m[0m tags                        = {
          [31m-[0m[0m "Name"    = "devops-g3-synthetics"
          [31m-[0m[0m "owner"   = "lwam"
          [31m-[0m[0m "service" = "platform"
        } [90m-> null[0m[0m
      [31m-[0m[0m tags_all                    = {
          [31m-[0m[0m "Name"        = "devops-g3-synthetics"
          [31m-[0m[0m "capstone"    = "tillflow"
          [31m-[0m[0m "environment" = "dev"
          [31m-[0m[0m "group"       = "devops-g3"
          [31m-[0m[0m "managed-by"  = "terraform"
          [31m-[0m[0m "owner"       = "lwam"
          [31m-[0m[0m "service"     = "platform"
        } [90m-> null[0m[0m
        [90m# (3 unchanged attributes hidden)[0m[0m

      [31m-[0m[0m grant {
          [31m-[0m[0m id          = "b0ebddbba044f8f17ca5d66b2f5b525241dae11cafc298c52eea0e69ae58aae6" [90m-> null[0m[0m
          [31m-[0m[0m permissions = [
              [31m-[0m[0m "FULL_CONTROL",
            ] [90m-> null[0m[0m
          [31m-[0m[0m type        = "CanonicalUser" [90m-> null[0m[0m
            [90m# (1 unchanged attribute hidden)[0m[0m
        }

      [31m-[0m[0m server_side_encryption_configuration {
          [31m-[0m[0m rule {
              [31m-[0m[0m bucket_key_enabled = false [90m-> null[0m[0m

              [31m-[0m[0m apply_server_side_encryption_by_default {
                  [31m-[0m[0m sse_algorithm     = "AES256" [90m-> null[0m[0m
                    [90m# (1 unchanged attribute hidden)[0m[0m
                }
            }
        }

      [31m-[0m[0m versioning {
          [31m-[0m[0m enabled    = false [90m-> null[0m[0m
          [31m-[0m[0m mfa_delete = false [90m-> null[0m[0m
        }
    }

[1mPlan:[0m [0m0 to add, 0 to change, 14 to destroy.

Changes to Outputs:
  [31m-[0m[0m alb_internal                     = true [90m-> null[0m[0m
  [31m-[0m[0m availability_zones               = [
      [31m-[0m[0m "us-west-1a",
      [31m-[0m[0m "us-west-1c",
    ] [90m-> null[0m[0m
  [31m-[0m[0m cloudwatch_alarm_names           = {
      [31m-[0m[0m canary = "devops-g3-edge-health-canary"
      [31m-[0m[0m dlq    = {
          [31m-[0m[0m payout         = "devops-g3-payout-dlq-depth"
          [31m-[0m[0m reconciliation = "devops-g3-reconciliation-dlq-depth"
        }
      [31m-[0m[0m ecs    = {
          [31m-[0m[0m commission = "devops-g3-commission-ecs-cpu-high"
          [31m-[0m[0m payments   = "devops-g3-payments-ecs-cpu-high"
          [31m-[0m[0m pos        = "devops-g3-pos-ecs-cpu-high"
          [31m-[0m[0m web        = "devops-g3-web-ecs-cpu-high"
        }
      [31m-[0m[0m rds    = {
          [31m-[0m[0m connections_high = "devops-g3-rds-connections-high"
          [31m-[0m[0m cpu_high         = "devops-g3-rds-cpu-high"
        }
    } [90m-> null[0m[0m
  [31m-[0m[0m db_bootstrap_project_name        = "devops-g3-db-bootstrap" [90m-> null[0m[0m
  [31m-[0m[0m db_name                          = "tillflow" [90m-> null[0m[0m
  [31m-[0m[0m delivery_codebuild_project_names = {
      [31m-[0m[0m adot-mirror   = "devops-g3-adot-mirror"
      [31m-[0m[0m commission    = "devops-g3-commission-build"
      [31m-[0m[0m grafana-build = "devops-g3-grafana-build"
      [31m-[0m[0m payments      = "devops-g3-payments-build"
      [31m-[0m[0m pos           = "devops-g3-pos-build"
      [31m-[0m[0m smoke         = "devops-g3-smoke"
      [31m-[0m[0m web           = "devops-g3-web-build"
    } [90m-> null[0m[0m
  [31m-[0m[0m delivery_pipeline_name           = "devops-g3-pipeline" [90m-> null[0m[0m
  [31m-[0m[0m dlq_names                        = {
      [31m-[0m[0m payout         = "devops-g3-payout-dlq"
      [31m-[0m[0m reconciliation = "devops-g3-reconciliation-dlq"
    } [90m-> null[0m[0m
  [31m-[0m[0m ecr_repository_urls              = {
      [31m-[0m[0m commission = "240462142849.dkr.ecr.us-west-1.amazonaws.com/devops-g3/commission"
      [31m-[0m[0m payments   = "240462142849.dkr.ecr.us-west-1.amazonaws.com/devops-g3/payments"
      [31m-[0m[0m pos        = "240462142849.dkr.ecr.us-west-1.amazonaws.com/devops-g3/pos"
      [31m-[0m[0m web        = "240462142849.dkr.ecr.us-west-1.amazonaws.com/devops-g3/web"
    } [90m-> null[0m[0m
  [31m-[0m[0m ecs_cluster_name                 = "devops-g3" [90m-> null[0m[0m
  [31m-[0m[0m service_containers               = {
      [31m-[0m[0m commission = [
          [31m-[0m[0m "commission",
          [31m-[0m[0m "adot",
        ]
      [31m-[0m[0m payments   = [
          [31m-[0m[0m "payments",
          [31m-[0m[0m "adot",
        ]
      [31m-[0m[0m pos        = [
          [31m-[0m[0m "pos",
          [31m-[0m[0m "adot",
        ]
      [31m-[0m[0m web        = [
          [31m-[0m[0m "web",
          [31m-[0m[0m "adot",
        ]
    } [90m-> null[0m[0m
  [31m-[0m[0m services_with_internet_egress    = [
      [31m-[0m[0m "payments",
      [31m-[0m[0m "grafana",
    ] [90m-> null[0m[0m
  [31m-[0m[0m synthetics_canary_name           = "devops-g3-edge-health" [90m-> null[0m[0m
[0m[1mmodule.ecs_platform.aws_ecr_repository.service["pos"]: Destroying... [id=devops-g3/pos][0m[0m
[0m[1mmodule.ecs_platform.aws_ecr_repository.service["commission"]: Destroying... [id=devops-g3/commission][0m[0m
[0m[1mmodule.ecs_platform.aws_ecr_repository.service["payments"]: Destroying... [id=devops-g3/payments][0m[0m
[0m[1maws_ecr_repository.grafana: Destroying... [id=devops-g3/grafana][0m[0m
[0m[1mmodule.ecs_platform.aws_ecr_repository.service["web"]: Destroying... [id=devops-g3/web][0m[0m
[0m[1maws_ecr_repository.adot: Destroying... [id=devops-g3/adot][0m[0m
[0m[1mmodule.synthetics_canary.aws_s3_bucket.artifacts: Destroying... [id=devops-g3-synthetics-240462142849][0m[0m
[0m[1mmodule.rds.aws_db_instance.this: Destroying... [id=db-HVAO22PELES7QNEKGW52V6XV2E][0m[0m
[0m[1mmodule.rds.aws_db_instance.this: Still destroying... [id=db-HVAO22PELES7QNEKGW52V6XV2E, 00m10s elapsed][0m[0m
[0m[1mmodule.rds.aws_db_instance.this: Still destroying... [id=db-HVAO22PELES7QNEKGW52V6XV2E, 00m20s elapsed][0m[0m
[0m[1mmodule.rds.aws_db_instance.this: Still destroying... [id=db-HVAO22PELES7QNEKGW52V6XV2E, 00m30s elapsed][0m[0m
[0m[1mmodule.rds.aws_db_instance.this: Still destroying... [id=db-HVAO22PELES7QNEKGW52V6XV2E, 00m40s elapsed][0m[0m
[0m[1mmodule.rds.aws_db_instance.this: Still destroying... [id=db-HVAO22PELES7QNEKGW52V6XV2E, 00m50s elapsed][0m[0m
[0m[1mmodule.rds.aws_db_instance.this: Still destroying... [id=db-HVAO22PELES7QNEKGW52V6XV2E, 01m00s elapsed][0m[0m
[0m[1mmodule.rds.aws_db_instance.this: Still destroying... [id=db-HVAO22PELES7QNEKGW52V6XV2E, 01m10s elapsed][0m[0m
[0m[1mmodule.rds.aws_db_instance.this: Still destroying... [id=db-HVAO22PELES7QNEKGW52V6XV2E, 01m20s elapsed][0m[0m
[0m[1mmodule.rds.aws_db_instance.this: Still destroying... [id=db-HVAO22PELES7QNEKGW52V6XV2E, 01m30s elapsed][0m[0m
[0m[1mmodule.rds.aws_db_instance.this: Still destroying... [id=db-HVAO22PELES7QNEKGW52V6XV2E, 01m40s elapsed][0m[0m
[0m[1mmodule.rds.aws_db_instance.this: Still destroying... [id=db-HVAO22PELES7QNEKGW52V6XV2E, 01m50s elapsed][0m[0m
[0m[1mmodule.rds.aws_db_instance.this: Still destroying... [id=db-HVAO22PELES7QNEKGW52V6XV2E, 02m00s elapsed][0m[0m
[0m[1mmodule.rds.aws_db_instance.this: Still destroying... [id=db-HVAO22PELES7QNEKGW52V6XV2E, 02m10s elapsed][0m[0m
[0m[1mmodule.rds.aws_db_instance.this: Still destroying... [id=db-HVAO22PELES7QNEKGW52V6XV2E, 02m20s elapsed][0m[0m
[0m[1mmodule.rds.aws_db_instance.this: Still destroying... [id=db-HVAO22PELES7QNEKGW52V6XV2E, 02m30s elapsed][0m[0m
[0m[1mmodule.rds.aws_db_instance.this: Still destroying... [id=db-HVAO22PELES7QNEKGW52V6XV2E, 02m40s elapsed][0m[0m
[0m[1mmodule.rds.aws_db_instance.this: Still destroying... [id=db-HVAO22PELES7QNEKGW52V6XV2E, 02m50s elapsed][0m[0m
[0m[1mmodule.rds.aws_db_instance.this: Still destroying... [id=db-HVAO22PELES7QNEKGW52V6XV2E, 03m00s elapsed][0m[0m
[0m[1mmodule.rds.aws_db_instance.this: Destruction complete after 3m7s[0m
[0m[1mmodule.rds.aws_db_subnet_group.this: Destroying... [id=devops-g3-db][0m[0m
[0m[1mmodule.rds.aws_security_group.db: Destroying... [id=sg-094b175b2a606da8e][0m[0m
[0m[1mmodule.rds.aws_db_parameter_group.this: Destroying... [id=devops-g3-pg16][0m[0m
[0m[1mmodule.rds.aws_db_parameter_group.this: Destruction complete after 1s[0m
[0m[1mmodule.rds.aws_db_subnet_group.this: Destruction complete after 1s[0m
[0m[1mmodule.network.aws_subnet.private_data["us-west-1c"]: Destroying... [id=subnet-003d95ccc6e642205][0m[0m
[0m[1mmodule.network.aws_subnet.private_data["us-west-1a"]: Destroying... [id=subnet-0f56c09ff417af280][0m[0m
[0m[1mmodule.rds.aws_security_group.db: Destruction complete after 3s[0m
[0m[1mmodule.network.aws_subnet.private_data["us-west-1a"]: Destruction complete after 2s[0m
[0m[1mmodule.network.aws_subnet.private_data["us-west-1c"]: Destruction complete after 3s[0m
[0m[1mmodule.network.aws_vpc.this: Destroying... [id=vpc-00cfe1339e0c0c86b][0m[0m
[0m[1mmodule.network.aws_vpc.this: Destruction complete after 1s[0m
[31m╷[0m[0m
[31m│[0m [0m[1m[31mError: [0m[0m[1mdeleting S3 Bucket (devops-g3-synthetics-240462142849): operation error S3: DeleteBucket, https response error StatusCode: 409, RequestID: DESMWRH676HGC3CG, HostID: h7J6OjEAck0utODFjhtcDEjdLQ9hUMv0kHDKpoAQWGzW3Nvt2LIQo7qxHFO2Z7SQ50OUuzeKj5zLrRydpK3GfmTikw2dye1W, api error BucketNotEmpty: The bucket you tried to delete is not empty. You must delete all versions in the bucket.[0m
[31m│[0m [0m
[31m│[0m [0m[0m
[31m╵[0m[0m
[31m╷[0m[0m
[31m│[0m [0m[1m[31mError: [0m[0m[1mECR Repository (devops-g3/pos) not empty, consider using force_delete: operation error ECR: DeleteRepository, https response error StatusCode: 400, RequestID: c3237410-c12a-4dec-8b50-2b9bef1ffc14, RepositoryNotEmptyException: The repository with name 'devops-g3/pos' in registry with id '240462142849' cannot be deleted because it still contains images[0m
[31m│[0m [0m
[31m│[0m [0m[0m
[31m╵[0m[0m
[31m╷[0m[0m
[31m│[0m [0m[1m[31mError: [0m[0m[1mECR Repository (devops-g3/adot) not empty, consider using force_delete: operation error ECR: DeleteRepository, https response error StatusCode: 400, RequestID: 951cca10-e524-4ab8-b70f-2ffb017e3c96, RepositoryNotEmptyException: The repository with name 'devops-g3/adot' in registry with id '240462142849' cannot be deleted because it still contains images[0m
[31m│[0m [0m
[31m│[0m [0m[0m
[31m╵[0m[0m
[31m╷[0m[0m
[31m│[0m [0m[1m[31mError: [0m[0m[1mECR Repository (devops-g3/commission) not empty, consider using force_delete: operation error ECR: DeleteRepository, https response error StatusCode: 400, RequestID: c5b8e1ef-490e-4f04-9017-e7684ee42362, RepositoryNotEmptyException: The repository with name 'devops-g3/commission' in registry with id '240462142849' cannot be deleted because it still contains images[0m
[31m│[0m [0m
[31m│[0m [0m[0m
[31m╵[0m[0m
[31m╷[0m[0m
[31m│[0m [0m[1m[31mError: [0m[0m[1mECR Repository (devops-g3/grafana) not empty, consider using force_delete: operation error ECR: DeleteRepository, https response error StatusCode: 400, RequestID: e734f03b-34a7-4b35-a8bb-871f3ef23736, RepositoryNotEmptyException: The repository with name 'devops-g3/grafana' in registry with id '240462142849' cannot be deleted because it still contains images[0m
[31m│[0m [0m
[31m│[0m [0m[0m
[31m╵[0m[0m
[31m╷[0m[0m
[31m│[0m [0m[1m[31mError: [0m[0m[1mECR Repository (devops-g3/payments) not empty, consider using force_delete: operation error ECR: DeleteRepository, https response error StatusCode: 400, RequestID: 5d50ccea-7f0e-4685-8f6d-a6a506358916, RepositoryNotEmptyException: The repository with name 'devops-g3/payments' in registry with id '240462142849' cannot be deleted because it still contains images[0m
[31m│[0m [0m
[31m│[0m [0m[0m
[31m╵[0m[0m
[31m╷[0m[0m
[31m│[0m [0m[1m[31mError: [0m[0m[1mECR Repository (devops-g3/web) not empty, consider using force_delete: operation error ECR: DeleteRepository, https response error StatusCode: 400, RequestID: 819f1061-27f8-4c91-b9bd-3dcd60c4b0a7, RepositoryNotEmptyException: The repository with name 'devops-g3/web' in registry with id '240462142849' cannot be deleted because it still contains images[0m
[31m│[0m [0m
[31m│[0m [0m[0m
[31m╵[0m[0m
Releasing state lock. This may take a few moments...
[0m[1mInitializing the backend...[0m

[0m[1mInitializing modules...[0m

[0m[1mInitializing provider plugins...[0m
- Reusing previous version of hashicorp/archive from the dependency lock file
- Reusing previous version of hashicorp/aws from the dependency lock file
- Using previously-installed hashicorp/archive v2.8.1
- Using previously-installed hashicorp/aws v6.63.0


[33m╷[0m[0m
[33m│[0m [0m[1m[33mWarning: [0m[0m[1mDeprecated Parameter[0m
[33m│[0m [0m
[33m│[0m [0m[0mThe parameter "dynamodb_table" is deprecated. Use parameter "use_lockfile"
[33m│[0m [0minstead.
[33m╵[0m[0m
[0m[1m[32mTerraform has been successfully initialized![0m[32m[0m
[0m[32m
You may now begin working with Terraform. Try running "terraform plan" to see
any changes that are required for your infrastructure. All Terraform commands
should now work.

If you ever set or change modules or backend configuration for Terraform,
rerun this command to reinitialize your working directory. If you forget, other
commands will detect it and remind you to do so if necessary.[0m
[33m╷[0m[0m
[33m│[0m [0m[1m[33mWarning: [0m[0m[1mDeprecated Parameter[0m
[33m│[0m [0m
[33m│[0m [0m[0mThe parameter "dynamodb_table" is deprecated. Use parameter "use_lockfile"
[33m│[0m [0minstead.
[33m╵[0m[0m
Acquiring state lock. This may take a few moments...
[0m[1mmodule.synthetics_canary.data.archive_file.canary_zip: Reading...[0m[0m
[0m[1mmodule.synthetics_canary.data.archive_file.canary_zip: Read complete after 0s [id=7d9647224ccadb371a9a9eae5e6a4765db03b395][0m
[0m[1mdata.aws_caller_identity.current: Reading...[0m[0m
[0m[1mmodule.network.data.aws_iam_policy_document.flow_logs_assume: Reading...[0m[0m
[0m[1mmodule.rds.data.aws_iam_policy_document.proxy_assume: Reading...[0m[0m
[0m[1mmodule.network.data.aws_iam_policy_document.flow_logs_assume: Read complete after 0s [id=2717921857][0m
[0m[1mmodule.rds.data.aws_iam_policy_document.proxy_assume: Read complete after 0s [id=2562693050][0m
[0m[1maws_ecr_repository.adot: Refreshing state... [id=devops-g3/adot][0m
[0m[1mmodule.grafana.data.aws_prefix_list.s3: Reading...[0m[0m
[0m[1mmodule.db_bootstrap.data.aws_iam_policy_document.assume: Reading...[0m[0m
[0m[1maws_ecr_repository.grafana: Refreshing state... [id=devops-g3/grafana][0m
[0m[1mmodule.db_bootstrap.data.aws_iam_policy_document.assume: Read complete after 0s [id=1229436035][0m
[0m[1mmodule.synthetics_canary.data.aws_iam_policy_document.canary_assume: Reading...[0m[0m
[0m[1mmodule.ecs_platform.aws_ecr_repository.service["commission"]: Refreshing state... [id=devops-g3/commission][0m
[0m[1mmodule.ecs_platform.aws_ecr_repository.service["pos"]: Refreshing state... [id=devops-g3/pos][0m
[0m[1mmodule.ecs_platform.aws_ecr_repository.service["web"]: Refreshing state... [id=devops-g3/web][0m
[0m[1mmodule.synthetics_canary.data.aws_iam_policy_document.canary_assume: Read complete after 0s [id=2690255455][0m
[0m[1mmodule.ecs_platform.aws_ecr_repository.service["payments"]: Refreshing state... [id=devops-g3/payments][0m
[0m[1mmodule.service["commission"].data.aws_prefix_list.s3: Reading...[0m[0m
[0m[1mmodule.service["payments"].data.aws_prefix_list.s3: Reading...[0m[0m
[0m[1mdata.aws_caller_identity.current: Read complete after 1s [id=240462142849][0m
[0m[1mmodule.service["pos"].data.aws_prefix_list.s3: Reading...[0m[0m
[0m[1mmodule.service["web"].data.aws_prefix_list.s3: Reading...[0m[0m
[0m[1mmodule.grafana.data.aws_prefix_list.s3: Read complete after 2s [id=pl-6ba54002][0m
[0m[1mmodule.service["pos"].data.aws_iam_policy_document.task_assume: Reading...[0m[0m
[0m[1mmodule.service["pos"].data.aws_iam_policy_document.task_assume: Read complete after 0s [id=3563571834][0m
[0m[1mmodule.service["commission"].data.aws_iam_policy_document.task_assume: Reading...[0m[0m
[0m[1mmodule.service["web"].data.aws_iam_policy_document.task_assume: Reading...[0m[0m
[0m[1mmodule.service["payments"].data.aws_iam_policy_document.task_assume: Reading...[0m[0m
[0m[1mmodule.grafana.data.aws_iam_policy_document.task_assume: Reading...[0m[0m
[0m[1mmodule.service["commission"].data.aws_iam_policy_document.task_assume: Read complete after 0s [id=3563571834][0m
[0m[1mmodule.service["web"].data.aws_iam_policy_document.task_assume: Read complete after 0s [id=3563571834][0m
[0m[1mmodule.messaging.data.aws_iam_policy_document.scheduler_assume: Reading...[0m[0m
[0m[1mmodule.service["payments"].data.aws_iam_policy_document.task_assume: Read complete after 0s [id=3563571834][0m
[0m[1mmodule.messaging.data.aws_iam_policy_document.scheduler_assume: Read complete after 0s [id=3876860113][0m
[0m[1mmodule.ecs_platform.data.aws_iam_policy_document.task_execution_assume: Reading...[0m[0m
[0m[1mmodule.grafana.data.aws_iam_policy_document.task_assume: Read complete after 0s [id=3563571834][0m
[0m[1mmodule.synthetics_canary.aws_s3_bucket.artifacts: Refreshing state... [id=devops-g3-synthetics-240462142849][0m
[0m[1mmodule.ecs_platform.data.aws_iam_policy_document.task_execution_assume: Read complete after 0s [id=3563571834][0m
[0m[1mmodule.service["payments"].data.aws_prefix_list.s3: Read complete after 2s [id=pl-6ba54002][0m
[0m[1mmodule.service["commission"].data.aws_prefix_list.s3: Read complete after 2s [id=pl-6ba54002][0m
[0m[1mmodule.service["pos"].data.aws_prefix_list.s3: Read complete after 1s [id=pl-6ba54002][0m
[0m[1mmodule.service["web"].data.aws_prefix_list.s3: Read complete after 0s [id=pl-6ba54002][0m
[0m[1mmodule.synthetics_canary.data.aws_iam_policy_document.canary: Reading...[0m[0m
[0m[1mmodule.synthetics_canary.data.aws_iam_policy_document.canary: Read complete after 0s [id=3736196624][0m

Terraform used the selected providers to generate the following execution
plan. Resource actions are indicated with the following symbols:
  [31m-[0m destroy[0m

Terraform will perform the following actions:

[1m  # module.synthetics_canary.aws_s3_bucket.artifacts[0m will be [1m[31mdestroyed[0m
[0m  [31m-[0m[0m resource "aws_s3_bucket" "artifacts" {
      [31m-[0m[0m arn                         = "arn:aws:s3:::devops-g3-synthetics-240462142849" [90m-> null[0m[0m
      [31m-[0m[0m bucket                      = "devops-g3-synthetics-240462142849" [90m-> null[0m[0m
      [31m-[0m[0m bucket_domain_name          = "devops-g3-synthetics-240462142849.s3.amazonaws.com" [90m-> null[0m[0m
      [31m-[0m[0m bucket_namespace            = "global" [90m-> null[0m[0m
      [31m-[0m[0m bucket_region               = "us-west-1" [90m-> null[0m[0m
      [31m-[0m[0m bucket_regional_domain_name = "devops-g3-synthetics-240462142849.s3.us-west-1.amazonaws.com" [90m-> null[0m[0m
      [31m-[0m[0m force_destroy               = false [90m-> null[0m[0m
      [31m-[0m[0m hosted_zone_id              = "Z2F56UZL2M1ACD" [90m-> null[0m[0m
      [31m-[0m[0m id                          = "devops-g3-synthetics-240462142849" [90m-> null[0m[0m
      [31m-[0m[0m object_lock_enabled         = false [90m-> null[0m[0m
      [31m-[0m[0m region                      = "us-west-1" [90m-> null[0m[0m
      [31m-[0m[0m request_payer               = "BucketOwner" [90m-> null[0m[0m
      [31m-[0m[0m tags                        = {
          [31m-[0m[0m "Name"    = "devops-g3-synthetics"
          [31m-[0m[0m "owner"   = "lwam"
          [31m-[0m[0m "service" = "platform"
        } [90m-> null[0m[0m
      [31m-[0m[0m tags_all                    = {
          [31m-[0m[0m "Name"        = "devops-g3-synthetics"
          [31m-[0m[0m "capstone"    = "tillflow"
          [31m-[0m[0m "environment" = "dev"
          [31m-[0m[0m "group"       = "devops-g3"
          [31m-[0m[0m "managed-by"  = "terraform"
          [31m-[0m[0m "owner"       = "lwam"
          [31m-[0m[0m "service"     = "platform"
        } [90m-> null[0m[0m
        [90m# (3 unchanged attributes hidden)[0m[0m

      [31m-[0m[0m grant {
          [31m-[0m[0m id          = "b0ebddbba044f8f17ca5d66b2f5b525241dae11cafc298c52eea0e69ae58aae6" [90m-> null[0m[0m
          [31m-[0m[0m permissions = [
              [31m-[0m[0m "FULL_CONTROL",
            ] [90m-> null[0m[0m
          [31m-[0m[0m type        = "CanonicalUser" [90m-> null[0m[0m
            [90m# (1 unchanged attribute hidden)[0m[0m
        }

      [31m-[0m[0m server_side_encryption_configuration {
          [31m-[0m[0m rule {
              [31m-[0m[0m bucket_key_enabled = false [90m-> null[0m[0m

              [31m-[0m[0m apply_server_side_encryption_by_default {
                  [31m-[0m[0m sse_algorithm     = "AES256" [90m-> null[0m[0m
                    [90m# (1 unchanged attribute hidden)[0m[0m
                }
            }
        }

      [31m-[0m[0m versioning {
          [31m-[0m[0m enabled    = false [90m-> null[0m[0m
          [31m-[0m[0m mfa_delete = false [90m-> null[0m[0m
        }
    }

[1mPlan:[0m [0m0 to add, 0 to change, 1 to destroy.

Changes to Outputs:
  [31m-[0m[0m alb_internal                     = true [90m-> null[0m[0m
  [31m-[0m[0m availability_zones               = [
      [31m-[0m[0m "us-west-1a",
      [31m-[0m[0m "us-west-1c",
    ] [90m-> null[0m[0m
  [31m-[0m[0m cloudwatch_alarm_names           = {
      [31m-[0m[0m canary = "devops-g3-edge-health-canary"
      [31m-[0m[0m dlq    = {
          [31m-[0m[0m payout         = "devops-g3-payout-dlq-depth"
          [31m-[0m[0m reconciliation = "devops-g3-reconciliation-dlq-depth"
        }
      [31m-[0m[0m ecs    = {
          [31m-[0m[0m commission = "devops-g3-commission-ecs-cpu-high"
          [31m-[0m[0m payments   = "devops-g3-payments-ecs-cpu-high"
          [31m-[0m[0m pos        = "devops-g3-pos-ecs-cpu-high"
          [31m-[0m[0m web        = "devops-g3-web-ecs-cpu-high"
        }
      [31m-[0m[0m rds    = {
          [31m-[0m[0m connections_high = "devops-g3-rds-connections-high"
          [31m-[0m[0m cpu_high         = "devops-g3-rds-cpu-high"
        }
    } [90m-> null[0m[0m
  [31m-[0m[0m db_bootstrap_project_name        = "devops-g3-db-bootstrap" [90m-> null[0m[0m
  [31m-[0m[0m db_name                          = "tillflow" [90m-> null[0m[0m
  [31m-[0m[0m delivery_codebuild_project_names = {
      [31m-[0m[0m adot-mirror   = "devops-g3-adot-mirror"
      [31m-[0m[0m commission    = "devops-g3-commission-build"
      [31m-[0m[0m grafana-build = "devops-g3-grafana-build"
      [31m-[0m[0m payments      = "devops-g3-payments-build"
      [31m-[0m[0m pos           = "devops-g3-pos-build"
      [31m-[0m[0m smoke         = "devops-g3-smoke"
      [31m-[0m[0m web           = "devops-g3-web-build"
    } [90m-> null[0m[0m
  [31m-[0m[0m delivery_pipeline_name           = "devops-g3-pipeline" [90m-> null[0m[0m
  [31m-[0m[0m dlq_names                        = {
      [31m-[0m[0m payout         = "devops-g3-payout-dlq"
      [31m-[0m[0m reconciliation = "devops-g3-reconciliation-dlq"
    } [90m-> null[0m[0m
  [31m-[0m[0m ecs_cluster_name                 = "devops-g3" [90m-> null[0m[0m
  [31m-[0m[0m service_containers               = {
      [31m-[0m[0m commission = [
          [31m-[0m[0m "commission",
          [31m-[0m[0m "adot",
        ]
      [31m-[0m[0m payments   = [
          [31m-[0m[0m "payments",
          [31m-[0m[0m "adot",
        ]
      [31m-[0m[0m pos        = [
          [31m-[0m[0m "pos",
          [31m-[0m[0m "adot",
        ]
      [31m-[0m[0m web        = [
          [31m-[0m[0m "web",
          [31m-[0m[0m "adot",
        ]
    } [90m-> null[0m[0m
  [31m-[0m[0m services_with_internet_egress    = [
      [31m-[0m[0m "payments",
      [31m-[0m[0m "grafana",
    ] [90m-> null[0m[0m
  [31m-[0m[0m synthetics_canary_name           = "devops-g3-edge-health" [90m-> null[0m[0m
[0m[1mmodule.synthetics_canary.aws_s3_bucket.artifacts: Destroying... [id=devops-g3-synthetics-240462142849][0m[0m
[0m[1mmodule.synthetics_canary.aws_s3_bucket.artifacts: Destruction complete after 1s[0m
Releasing state lock. This may take a few moments...
[0m[1m[32m
Destroy complete! Resources: 1 destroyed.[0m
