[0m[1mInitializing the backend...[0m

[0m[1mInitializing modules...[0m

[33m╷[0m[0m
[33m│[0m [0m[1m[33mWarning: [0m[0m[1mDeprecated Parameter[0m
[33m│[0m [0m
[33m│[0m [0m[0mThe parameter "dynamodb_table" is deprecated. Use parameter "use_lockfile"
[33m│[0m [0minstead.
[33m╵[0m[0m
[31m╷[0m[0m
[31m│[0m [0m[1m[31mError: [0m[0m[1mNo valid credential sources found[0m
[31m│[0m [0m
[31m│[0m [0m[0mPlease see https://developer.hashicorp.com/terraform/language/backend/s3
[31m│[0m [0mfor more information about providing credentials.
[31m│[0m [0m
[31m│[0m [0mError: failed to refresh cached credentials, refresh cached SSO token
[31m│[0m [0mfailed, unable to refresh SSO token, operation error SSO OIDC: CreateToken,
[31m│[0m [0mexceeded maximum number of attempts, 3, https response error StatusCode: 0,
[31m│[0m [0mRequestID: , request send failed, Post
[31m│[0m [0m"https://oidc.us-east-1.amazonaws.com/token": net/http: TLS handshake
[31m│[0m [0mtimeout
[31m│[0m [0m
[31m╵[0m[0m
